// Jest Snapshot v1, https://goo.gl/fbAQLP

exports[`BaseLayout it should render the expected HTML 1`] = `"<div class=\\"base-layout\\"><div class=\\"center\\">Test</div></div>"`;
