// Jest Snapshot v1, https://goo.gl/fbAQLP

exports[`AssignAdminForm it should render the expected HTML 1`] = `"<form class=\\"\\"><div class=\\"form-row\\"><div class=\\"pgn__form-group col\\"><div class=\\"pgn__form-control-decorator-group has-floating-label\\"><input name=\\"email\\" type=\\"email\\" id=\\"formGridEmail\\" class=\\"form-control\\"><div class=\\"pgn__form-control-floating-label\\"><div class=\\"pgn__form-control-floating-label-content\\"><label class=\\"pgn__form-control-floating-label-text\\" for=\\"formGridEmail\\">Email</label></div></div></div></div><div class=\\"pgn__form-group col\\"><div class=\\"pgn__form-control-decorator-group has-floating-label\\"><select name=\\"role\\" id=\\"formGridState\\" class=\\"form-control\\"><option value=\\"\\">Select a role</option><option value=\\"grader\\">grader</option><option value=\\"instructor\\">instructor</option></select><div class=\\"pgn__form-control-floating-label\\"><div class=\\"pgn__form-control-floating-label-content\\"><label class=\\"pgn__form-control-floating-label-text\\" for=\\"formGridState\\">Role</label></div></div></div></div></div><button type=\\"submit\\" class=\\"mt-3 mb-2 btn btn-primary\\">Assign</button></form>"`;
