// Jest Snapshot v1, https://goo.gl/fbAQLP

exports[`CourseStaff it should render page expected HTML 1`] = `"<div><div class=\\"page-title-background d-flex align-items-center justify-content-between px-2.5\\"><div class=\\"page-title\\">Course Staff Management</div><button type=\\"button\\" class=\\"btn btn-primary\\">Add Instructor</button></div><div class=\\"base-layout\\"><div class=\\"\\"><div class=\\"pgn__data-table-layout-wrapper\\"><div class=\\"pgn__data-table-layout-main\\"><div class=\\"pgn__data-table-wrapper\\"><div class=\\"course-staff__control-bar\\"><div class=\\"course-staff-filters\\"><div class=\\"dropdown\\"><button aria-haspopup=\\"true\\" aria-expanded=\\"false\\" type=\\"button\\" class=\\"dropdown-toggle btn btn-outline-extra\\">User status</button></div><div data-testid=\\"dropdown\\" class=\\"dropdown\\"><button aria-haspopup=\\"true\\" aria-expanded=\\"false\\" id=\\"dropdown-basic-4\\" type=\\"button\\" class=\\"dropdown-toggle btn btn-outline-extra\\">Role</button></div><form class=\\"course-staff__search\\"><div class=\\"pgn__form-group search\\"><div class=\\"pgn__form-control-decorator-group has-appended-node has-trailing-element has-floating-label\\"><input id=\\"form-field2\\" class=\\"form-control\\" value=\\"\\"><div class=\\"pgn__form-control-decorator pgn__form-control-decorator-trailing\\"><span class=\\"pgn__icon\\"><svg width=\\"24\\" height=\\"24\\" viewBox=\\"0 0 24 24\\" fill=\\"none\\" xmlns=\\"http://www.w3.org/2000/svg\\" role=\\"img\\" focusable=\\"false\\" aria-hidden=\\"true\\"><path d=\\"M15.5 14h-.79l-.28-.27A6.471 6.471 0 0016 9.5 6.5 6.5 0 109.5 16c1.61 0 3.09-.59 4.23-1.57l.27.28v.79l5 4.99L20.49 19l-4.99-5zm-6 0C7.01 14 5 11.99 5 9.5S7.01 5 9.5 5 14 7.01 14 9.5 11.99 14 9.5 14z\\" fill=\\"currentColor\\"></path></svg></span></div><div class=\\"pgn__form-control-floating-label\\"><div class=\\"pgn__form-control-floating-label-content\\"><label class=\\"pgn__form-control-floating-label-text\\" for=\\"form-field2\\">Search user</label></div></div></div></div><button type=\\"submit\\" disabled=\\"\\" class=\\"ml-2 btn btn-primary\\">Search</button></form></div><div class=\\"course-staff-status\\"><p></p></div></div><div class=\\"pgn__data-table-container\\"><table role=\\"table\\" class=\\"pgn__data-table is-striped\\"><thead><tr role=\\"row\\"><th colspan=\\"1\\" role=\\"columnheader\\" title=\\"Toggle SortBy\\" style=\\"cursor: pointer;\\"><span class=\\"d-flex align-items-center\\"><span>Username</span><span class=\\"pgn__icon\\" style=\\"opacity: 0.5;\\"><svg width=\\"24\\" height=\\"24\\" viewBox=\\"0 0 24 24\\" fill=\\"none\\" xmlns=\\"http://www.w3.org/2000/svg\\" role=\\"img\\" focusable=\\"false\\" aria-hidden=\\"true\\"><path d=\\"M7 10l5-5 5 5H7zM7 14l5 5 5-5H7z\\" fill=\\"currentColor\\"></path></svg></span></span></th><th colspan=\\"1\\" role=\\"columnheader\\" title=\\"Toggle SortBy\\" style=\\"cursor: pointer;\\"><span class=\\"d-flex align-items-center\\"><span>Full Name</span><span class=\\"pgn__icon\\" style=\\"opacity: 0.5;\\"><svg width=\\"24\\" height=\\"24\\" viewBox=\\"0 0 24 24\\" fill=\\"none\\" xmlns=\\"http://www.w3.org/2000/svg\\" role=\\"img\\" focusable=\\"false\\" aria-hidden=\\"true\\"><path d=\\"M7 10l5-5 5 5H7zM7 14l5 5 5-5H7z\\" fill=\\"currentColor\\"></path></svg></span></span></th><th colspan=\\"1\\" role=\\"columnheader\\" title=\\"Toggle SortBy\\" style=\\"cursor: pointer;\\"><span class=\\"d-flex align-items-center\\"><span>Email</span><span class=\\"pgn__icon\\" style=\\"opacity: 0.5;\\"><svg width=\\"24\\" height=\\"24\\" viewBox=\\"0 0 24 24\\" fill=\\"none\\" xmlns=\\"http://www.w3.org/2000/svg\\" role=\\"img\\" focusable=\\"false\\" aria-hidden=\\"true\\"><path d=\\"M7 10l5-5 5 5H7zM7 14l5 5 5-5H7z\\" fill=\\"currentColor\\"></path></svg></span></span></th><th colspan=\\"1\\" role=\\"columnheader\\" title=\\"Toggle SortBy\\" style=\\"cursor: pointer;\\"><span class=\\"d-flex align-items-center\\"><span>Date Join</span><span class=\\"pgn__icon\\" style=\\"opacity: 0.5;\\"><svg width=\\"24\\" height=\\"24\\" viewBox=\\"0 0 24 24\\" fill=\\"none\\" xmlns=\\"http://www.w3.org/2000/svg\\" role=\\"img\\" focusable=\\"false\\" aria-hidden=\\"true\\"><path d=\\"M7 10l5-5 5 5H7zM7 14l5 5 5-5H7z\\" fill=\\"currentColor\\"></path></svg></span></span></th><th colspan=\\"1\\" role=\\"columnheader\\" title=\\"Toggle SortBy\\" style=\\"cursor: pointer;\\"><span class=\\"d-flex align-items-center\\"><span>Last Login</span><span class=\\"pgn__icon\\" style=\\"opacity: 0.5;\\"><svg width=\\"24\\" height=\\"24\\" viewBox=\\"0 0 24 24\\" fill=\\"none\\" xmlns=\\"http://www.w3.org/2000/svg\\" role=\\"img\\" focusable=\\"false\\" aria-hidden=\\"true\\"><path d=\\"M7 10l5-5 5 5H7zM7 14l5 5 5-5H7z\\" fill=\\"currentColor\\"></path></svg></span></span></th><th colspan=\\"1\\" role=\\"columnheader\\" title=\\"Toggle SortBy\\" style=\\"cursor: pointer;\\"><span class=\\"d-flex align-items-center\\"><span>Active</span><span class=\\"pgn__icon\\" style=\\"opacity: 0.5;\\"><svg width=\\"24\\" height=\\"24\\" viewBox=\\"0 0 24 24\\" fill=\\"none\\" xmlns=\\"http://www.w3.org/2000/svg\\" role=\\"img\\" focusable=\\"false\\" aria-hidden=\\"true\\"><path d=\\"M7 10l5-5 5 5H7zM7 14l5 5 5-5H7z\\" fill=\\"currentColor\\"></path></svg></span></span></th><th colspan=\\"1\\" role=\\"columnheader\\" title=\\"Toggle SortBy\\" style=\\"cursor: pointer;\\"><span class=\\"d-flex align-items-center\\"><span>Staff</span><span class=\\"pgn__icon\\" style=\\"opacity: 0.5;\\"><svg width=\\"24\\" height=\\"24\\" viewBox=\\"0 0 24 24\\" fill=\\"none\\" xmlns=\\"http://www.w3.org/2000/svg\\" role=\\"img\\" focusable=\\"false\\" aria-hidden=\\"true\\"><path d=\\"M7 10l5-5 5 5H7zM7 14l5 5 5-5H7z\\" fill=\\"currentColor\\"></path></svg></span></span></th></tr></thead><tbody role=\\"rowgroup\\"><tr role=\\"row\\" class=\\"pgn__data-table-row\\"><td role=\\"cell\\" class=\\"pgn__data-table-cell-wrap\\"><a class=\\"table-nav-link\\" href=\\"/coursestaff/32\\">test</a></td><td role=\\"cell\\" class=\\"pgn__data-table-cell-wrap\\"><a class=\\"table-nav-link\\" href=\\"/coursestaff/32\\">Test</a></td><td role=\\"cell\\" class=\\"pgn__data-table-cell-wrap\\">test@strata.co.jp</td><td role=\\"cell\\" class=\\"pgn__data-table-cell-wrap\\"><time datetime=\\"1637316516000\\">November 19, 2021</time></td><td role=\\"cell\\" class=\\"pgn__data-table-cell-wrap\\"><time class=\\"\\" datetime=\\"2022-05-30T11:36:05.018418Z\\" timeago-id=\\"11\\">1 week ago</time></td><td role=\\"cell\\" class=\\"pgn__data-table-cell-wrap\\"><span class=\\"badge badge-success\\">True</span></td><td role=\\"cell\\" class=\\"pgn__data-table-cell-wrap\\"><span class=\\"badge badge-danger\\">False</span></td></tr></tbody></table></div><div class=\\"pgn__data-table-footer\\"><div>Showing 1 of 0.</div><nav aria-label=\\"table pagination\\" class=\\"pagination-minimal\\"><div class=\\"sr-only\\" aria-live=\\"polite\\" aria-relevant=\\"text\\" aria-atomic=\\"true\\">Page 1, Current Page, of 1</div><ul class=\\"pagination\\"><li class=\\"page-item disabled\\"><button aria-label=\\"Previous\\" class=\\"btn-icon btn-icon-primary btn-icon-md previous page-link\\" type=\\"button\\" tabindex=\\"-1\\" disabled=\\"\\"><span class=\\"btn-icon__icon-container\\"><span class=\\"pgn__icon btn-icon__icon\\"><svg width=\\"24\\" height=\\"24\\" viewBox=\\"0 0 24 24\\" fill=\\"none\\" xmlns=\\"http://www.w3.org/2000/svg\\" role=\\"img\\" focusable=\\"false\\" aria-hidden=\\"true\\"><path d=\\"M17.51 3.87L15.73 2.1 5.84 12l9.9 9.9 1.77-1.77L9.38 12l8.13-8.13z\\" fill=\\"currentColor\\"></path></svg></span></span></button></li><li class=\\"page-item disabled\\"><button aria-label=\\"Next\\" class=\\"btn-icon btn-icon-primary btn-icon-md next page-link\\" type=\\"button\\" tabindex=\\"-1\\" disabled=\\"\\"><span class=\\"btn-icon__icon-container\\"><span class=\\"pgn__icon btn-icon__icon\\"><svg width=\\"24\\" height=\\"24\\" viewBox=\\"0 0 24 24\\" fill=\\"none\\" xmlns=\\"http://www.w3.org/2000/svg\\" role=\\"img\\" focusable=\\"false\\" aria-hidden=\\"true\\"><path d=\\"M6.49 20.13l1.77 1.77 9.9-9.9-9.9-9.9-1.77 1.77L14.62 12l-8.13 8.13z\\" fill=\\"currentColor\\"></path></svg></span></span></button></li></ul></nav></div></div></div></div></div></div></div>"`;
